'hello this is other stuff
'
'hello'
'hello this is other stuff
'
