line one
here is line number two
oi look it's the third line guys
alrighty, I'll see myself out
