dodo [0]: dodo [0]: dodo [10]: dodo [10]: dodo [10]: dodo [2147483647]: dodo [2147483647]: dodo [2147483647]: dodo [4000000000]: dodo [4000000000]: 